[2026-06-20 11:51:00] [LOAD] Command modules
[2026-06-20 11:51:01] [OK  ] Command modules loaded (27 commands)
[2026-06-20 11:51:01] [WARN] Failed to load 1 command files
[2026-06-20 11:51:01] [ERR ] fun/fun.js: libuuid.so.1: cannot open shared object file: No such file or directory
[2026-06-20 11:51:01] [LOAD] Prefix command modules
[2026-06-20 11:51:01] [OK  ] Prefix command modules loaded (181 commands)
[2026-06-20 11:51:01] [WARN] Failed to load 1 prefix command files
[2026-06-20 11:51:01] [ERR ] fun/ship.js: libuuid.so.1: cannot open shared object file: No such file or directory
[2026-06-20 11:51:01] [LOAD] Hybrid command modules
[2026-06-20 11:51:01] [OK  ] Hybrid command modules loaded (32 commands)
[2026-06-20 11:51:01] [LOAD] Event handlers
[2026-06-20 11:51:01] [OK  ] Event handlers ready — 13 events · logging, antinuke, automod, welcome, farewell, snipe
[2026-06-20 11:51:01] [LOAD] Database connection
[2026-06-20 11:51:01] [LOAD] Discord authentication
[2026-06-20 11:51:04] [OK  ] Database initialized and all tables synced
[2026-06-20 11:51:08] [OK  ] Authentication successful → [38;2;170;115;210mBlame#9186[0m
[2026-06-20 11:51:08] [LOAD] Synchronizing slash commands
[2026-06-20 11:51:08] [INFO] Slash commands unchanged — skipping registration
[2026-06-20 11:51:08] [OK  ] Command synchronization complete (59 commands)
[2026-06-20 11:51:08] [INFO] Connected to 45 guilds
[2026-06-20 11:52:19] [LOAD] Command modules
[2026-06-20 11:52:21] [OK  ] Command modules loaded (27 commands)
[2026-06-20 11:52:21] [WARN] Failed to load 1 command files
[2026-06-20 11:52:21] [ERR ] fun/fun.js: libuuid.so.1: cannot open shared object file: No such file or directory
[2026-06-20 11:52:21] [LOAD] Prefix command modules
[2026-06-20 11:52:21] [OK  ] Prefix command modules loaded (181 commands)
[2026-06-20 11:52:21] [WARN] Failed to load 1 prefix command files
[2026-06-20 11:52:21] [ERR ] fun/ship.js: libuuid.so.1: cannot open shared object file: No such file or directory
[2026-06-20 11:52:21] [LOAD] Hybrid command modules
[2026-06-20 11:52:21] [OK  ] Hybrid command modules loaded (32 commands)
[2026-06-20 11:52:21] [LOAD] Event handlers
[2026-06-20 11:52:21] [OK  ] Event handlers ready — 13 events · logging, antinuke, automod, welcome, farewell, snipe
[2026-06-20 11:52:21] [LOAD] Database connection
[2026-06-20 11:52:21] [LOAD] Discord authentication
[2026-06-20 11:52:22] [OK  ] Database initialized and all tables synced
[2026-06-20 11:52:26] [OK  ] Authentication successful → [38;2;170;115;210mBlame#9186[0m
[2026-06-20 11:52:26] [LOAD] Synchronizing slash commands
[2026-06-20 11:52:26] [INFO] Slash commands unchanged — skipping registration
[2026-06-20 11:52:26] [OK  ] Command synchronization complete (59 commands)
[2026-06-20 11:52:26] [INFO] Connected to 45 guilds
[2026-06-20 11:59:02] [LOAD] Command modules
[2026-06-20 11:59:02] [OK  ] Command modules loaded (27 commands)
[2026-06-20 11:59:02] [WARN] Failed to load 1 command files
[2026-06-20 11:59:02] [ERR ] fun/fun.js: libuuid.so.1: cannot open shared object file: No such file or directory
[2026-06-20 11:59:02] [LOAD] Prefix command modules
[2026-06-20 11:59:02] [OK  ] Prefix command modules loaded (181 commands)
[2026-06-20 11:59:02] [WARN] Failed to load 1 prefix command files
[2026-06-20 11:59:02] [ERR ] fun/ship.js: libuuid.so.1: cannot open shared object file: No such file or directory
[2026-06-20 11:59:02] [LOAD] Hybrid command modules
[2026-06-20 11:59:02] [OK  ] Hybrid command modules loaded (32 commands)
[2026-06-20 11:59:02] [LOAD] Event handlers
[2026-06-20 11:59:02] [OK  ] Event handlers ready — 13 events · logging, antinuke, automod, welcome, farewell, snipe
[2026-06-20 11:59:02] [LOAD] Database connection
[2026-06-20 11:59:02] [LOAD] Discord authentication
[2026-06-20 11:59:03] [OK  ] Database initialized and all tables synced
[2026-06-20 11:59:07] [OK  ] Authentication successful → [38;2;170;115;210mBlame#9186[0m
[2026-06-20 11:59:07] [LOAD] Synchronizing slash commands
[2026-06-20 11:59:07] [OK  ] Command synchronization complete (59 commands)
[2026-06-20 11:59:07] [INFO] Connected to 45 guilds
[2026-06-20 12:04:11] [LOAD] Command modules
[2026-06-20 12:04:32] [OK  ] Command modules loaded (27 commands)
[2026-06-20 12:04:32] [WARN] Failed to load 1 command files
[2026-06-20 12:04:32] [ERR ] fun/fun.js: libuuid.so.1: cannot open shared object file: No such file or directory
[2026-06-20 12:04:32] [LOAD] Prefix command modules
[2026-06-20 12:04:34] [OK  ] Prefix command modules loaded (181 commands)
[2026-06-20 12:04:34] [WARN] Failed to load 1 prefix command files
[2026-06-20 12:04:34] [ERR ] fun/ship.js: libuuid.so.1: cannot open shared object file: No such file or directory
[2026-06-20 12:04:34] [LOAD] Hybrid command modules
[2026-06-20 12:04:35] [OK  ] Hybrid command modules loaded (32 commands)
[2026-06-20 12:04:35] [LOAD] Event handlers
[2026-06-20 12:04:35] [OK  ] Event handlers ready — 13 events · logging, antinuke, automod, welcome, farewell, snipe
[2026-06-20 12:04:35] [LOAD] Database connection
[2026-06-20 12:04:35] [LOAD] Discord authentication
[2026-06-20 12:04:35] [ERR ] Database initialization failed: Connection terminated due to connection timeout
[2026-06-20 12:04:35] [ERR ] Startup failed: Connection terminated due to connection timeout
[2026-06-20 12:05:01] [LOAD] Command modules
[2026-06-20 12:05:02] [OK  ] Command modules loaded (27 commands)
[2026-06-20 12:05:02] [WARN] Failed to load 1 command files
[2026-06-20 12:05:02] [ERR ] fun/fun.js: libuuid.so.1: cannot open shared object file: No such file or directory
[2026-06-20 12:05:02] [LOAD] Prefix command modules
[2026-06-20 12:05:03] [OK  ] Prefix command modules loaded (181 commands)
[2026-06-20 12:05:03] [WARN] Failed to load 1 prefix command files
[2026-06-20 12:05:03] [ERR ] fun/ship.js: libuuid.so.1: cannot open shared object file: No such file or directory
[2026-06-20 12:05:03] [LOAD] Hybrid command modules
[2026-06-20 12:05:03] [OK  ] Hybrid command modules loaded (32 commands)
[2026-06-20 12:05:03] [LOAD] Event handlers
[2026-06-20 12:05:03] [OK  ] Event handlers ready — 13 events · logging, antinuke, automod, welcome, farewell, snipe
[2026-06-20 12:05:03] [LOAD] Database connection
[2026-06-20 12:05:03] [LOAD] Discord authentication
[2026-06-20 12:55:01] [LOAD] Command modules
[2026-06-20 12:55:02] [OK  ] Command modules loaded (27 commands)
[2026-06-20 12:55:02] [WARN] Failed to load 1 command files
[2026-06-20 12:55:02] [ERR ] fun/fun.js: libuuid.so.1: cannot open shared object file: No such file or directory
[2026-06-20 12:55:02] [LOAD] Prefix command modules
[2026-06-20 12:55:02] [OK  ] Prefix command modules loaded (181 commands)
[2026-06-20 12:55:02] [WARN] Failed to load 1 prefix command files
[2026-06-20 12:55:02] [ERR ] fun/ship.js: libuuid.so.1: cannot open shared object file: No such file or directory
[2026-06-20 12:55:02] [LOAD] Hybrid command modules
[2026-06-20 12:55:02] [OK  ] Hybrid command modules loaded (32 commands)
[2026-06-20 12:55:02] [LOAD] Event handlers
[2026-06-20 12:55:02] [OK  ] Event handlers ready — 13 events · logging, antinuke, automod, welcome, farewell, snipe
[2026-06-20 12:55:02] [LOAD] Database connection
[2026-06-20 12:55:04] [OK  ] Database initialized and all tables synced
[2026-06-20 12:55:45] [INFO] emojis.json already up to date — no changes needed
[2026-06-20 12:55:45] [OK  ] tempassets/ removed successfully
[2026-06-20 12:55:45] [LOAD] Discord authentication
[2026-06-20 12:55:49] [OK  ] Authentication successful → [38;2;170;115;210mBlame#9186[0m
[2026-06-20 12:55:49] [LOAD] Synchronizing slash commands
[2026-06-20 12:55:49] [INFO] Slash commands unchanged — skipping registration
[2026-06-20 12:55:49] [OK  ] Command synchronization complete (59 commands)
[2026-06-20 12:55:49] [INFO] Connected to 45 guilds
[2026-06-20 13:00:20] [LOAD] Command modules
[2026-06-20 13:00:22] [OK  ] Command modules loaded (27 commands)
[2026-06-20 13:00:22] [WARN] Failed to load 1 command files
[2026-06-20 13:00:22] [ERR ] fun/fun.js: libuuid.so.1: cannot open shared object file: No such file or directory
[2026-06-20 13:00:22] [LOAD] Prefix command modules
[2026-06-20 13:00:22] [OK  ] Prefix command modules loaded (181 commands)
[2026-06-20 13:00:22] [WARN] Failed to load 1 prefix command files
[2026-06-20 13:00:22] [ERR ] fun/ship.js: libuuid.so.1: cannot open shared object file: No such file or directory
[2026-06-20 13:00:22] [LOAD] Hybrid command modules
[2026-06-20 13:00:22] [OK  ] Hybrid command modules loaded (32 commands)
[2026-06-20 13:00:22] [LOAD] Event handlers
[2026-06-20 13:00:22] [OK  ] Event handlers ready — 13 events · logging, antinuke, automod, welcome, farewell, snipe
[2026-06-20 13:00:22] [LOAD] Database connection
[2026-06-20 13:00:22] [LOAD] Discord authentication
[2026-06-20 13:00:22] [OK  ] Database initialized and all tables synced
[2026-06-20 13:00:26] [OK  ] Authentication successful → [38;2;170;115;210mBlame#9186[0m
[2026-06-20 13:00:26] [LOAD] Synchronizing slash commands
[2026-06-20 13:00:26] [INFO] Slash commands unchanged — skipping registration
[2026-06-20 13:00:26] [OK  ] Command synchronization complete (59 commands)
[2026-06-20 13:00:26] [INFO] Connected to 45 guilds
[2026-08-11 21:05:09] [OK  ] emojis.json updated — 98 key(s) rewritten with new IDs
[2026-08-11 21:05:09] [OK  ] tempassets/ removed successfully
[2026-08-11 21:05:10] [ERR ] Uncaught exception: EBADF: bad file descriptor, write
[2026-08-11 21:05:16] [LOAD] Command modules
[2026-08-11 21:05:31] [OK  ] Command modules loaded (28 commands)
[2026-08-11 21:05:31] [LOAD] Prefix command modules
[2026-08-11 21:05:37] [OK  ] Prefix command modules loaded (182 commands)
[2026-08-11 21:05:37] [LOAD] Hybrid command modules
[2026-08-11 21:05:38] [OK  ] Hybrid command modules loaded (32 commands)
[2026-08-11 21:05:38] [LOAD] Event handlers
[2026-08-11 21:05:39] [OK  ] Event handlers ready — 13 events · logging, antinuke, automod, welcome, farewell, snipe
[2026-08-11 21:05:39] [LOAD] Database connection
[2026-08-11 21:05:39] [ERR ] Database initialization failed: Connection terminated due to connection timeout
[2026-08-11 21:16:04] [LOAD] Command modules
[2026-08-11 21:16:05] [OK  ] Command modules loaded (28 commands)
[2026-08-11 21:16:06] [LOAD] Prefix command modules
[2026-08-11 21:16:06] [OK  ] Prefix command modules loaded (182 commands)
[2026-08-11 21:16:06] [LOAD] Hybrid command modules
[2026-08-11 21:16:06] [OK  ] Hybrid command modules loaded (32 commands)
[2026-08-11 21:16:06] [LOAD] Event handlers
[2026-08-11 21:16:06] [OK  ] Event handlers ready — 13 events · logging, antinuke, automod, welcome, farewell, snipe
[2026-08-11 21:16:06] [LOAD] Database connection
[2026-08-11 21:16:06] [ERR ] Database initialization failed: getaddrinfo ENOTFOUND db.vbluhwogiokhckmhtowb.supabase.co
[2026-08-11 21:16:54] [LOAD] Command modules
[2026-08-11 21:16:54] [OK  ] Command modules loaded (28 commands)
[2026-08-11 21:16:54] [LOAD] Prefix command modules
[2026-08-11 21:16:55] [OK  ] Prefix command modules loaded (182 commands)
[2026-08-11 21:16:55] [LOAD] Hybrid command modules
[2026-08-11 21:16:55] [OK  ] Hybrid command modules loaded (32 commands)
[2026-08-11 21:16:55] [LOAD] Event handlers
[2026-08-11 21:16:55] [OK  ] Event handlers ready — 13 events · logging, antinuke, automod, welcome, farewell, snipe
[2026-08-11 21:16:55] [LOAD] Database connection
[2026-08-11 21:16:55] [ERR ] Database initialization failed: self-signed certificate in certificate chain
[2026-08-11 21:20:00] [LOAD] Command modules
[2026-08-11 21:20:01] [OK  ] Command modules loaded (28 commands)
[2026-08-11 21:20:01] [LOAD] Prefix command modules
[2026-08-11 21:20:01] [OK  ] Prefix command modules loaded (182 commands)
[2026-08-11 21:20:01] [LOAD] Hybrid command modules
[2026-08-11 21:20:02] [OK  ] Hybrid command modules loaded (32 commands)
[2026-08-11 21:20:02] [LOAD] Event handlers
[2026-08-11 21:20:02] [OK  ] Event handlers ready — 13 events · logging, antinuke, automod, welcome, farewell, snipe
[2026-08-11 21:20:02] [LOAD] Database connection
[2026-08-11 21:20:02] [ERR ] Database initialization failed: self-signed certificate in certificate chain
[2026-08-11 21:20:48] [LOAD] Command modules
[2026-08-11 21:20:49] [OK  ] Command modules loaded (28 commands)
[2026-08-11 21:20:49] [LOAD] Prefix command modules
[2026-08-11 21:20:49] [OK  ] Prefix command modules loaded (182 commands)
[2026-08-11 21:20:49] [LOAD] Hybrid command modules
[2026-08-11 21:20:49] [OK  ] Hybrid command modules loaded (32 commands)
[2026-08-11 21:20:49] [LOAD] Event handlers
[2026-08-11 21:20:49] [OK  ] Event handlers ready — 13 events · logging, antinuke, automod, welcome, farewell, snipe
[2026-08-11 21:20:49] [LOAD] Database connection
[2026-08-11 21:21:00] [OK  ] Database initialized and all tables synced
[2026-08-11 21:21:00] [LOAD] Discord authentication
[2026-08-11 21:21:03] [OK  ] Authentication successful → [38;2;170;115;210mSamaksh Music#4601[0m
[2026-08-11 21:21:03] [ERR ] Discord client error: Supplied activities[0].name is not a string.
[2026-08-11 22:54:48] [LOAD] Command modules
[2026-08-11 22:54:49] [OK  ] Command modules loaded (28 commands)
[2026-08-11 22:54:49] [LOAD] Prefix command modules
[2026-08-11 22:54:50] [OK  ] Prefix command modules loaded (182 commands)
[2026-08-11 22:54:50] [LOAD] Hybrid command modules
[2026-08-11 22:54:50] [OK  ] Hybrid command modules loaded (32 commands)
[2026-08-11 22:54:50] [LOAD] Event handlers
[2026-08-11 22:54:50] [OK  ] Event handlers ready — 13 events · logging, antinuke, automod, welcome, farewell, snipe
[2026-08-11 22:54:50] [LOAD] Database connection
[2026-08-11 22:54:57] [OK  ] Database initialized and all tables synced
[2026-08-11 22:54:57] [LOAD] Discord authentication
[2026-08-11 22:55:00] [OK  ] Authentication successful → [38;2;170;115;210mSamaksh Music#4601[0m
[2026-08-11 22:55:00] [LOAD] Synchronizing slash commands
[2026-08-11 22:55:02] [OK  ] Command synchronization complete (60 commands)
[2026-08-11 22:55:02] [INFO] Connected to 2 guilds
[2026-08-11 22:55:06] [OK  ] Dashboard server listening at http://localhost:3000
[2026-08-11 22:58:45] [LOAD] Command modules
[2026-08-11 22:58:46] [OK  ] Command modules loaded (28 commands)
[2026-08-11 22:58:46] [LOAD] Prefix command modules
[2026-08-11 22:58:47] [OK  ] Prefix command modules loaded (182 commands)
[2026-08-11 22:58:47] [LOAD] Hybrid command modules
[2026-08-11 22:58:47] [OK  ] Hybrid command modules loaded (32 commands)
[2026-08-11 22:58:47] [LOAD] Event handlers
[2026-08-11 22:58:47] [OK  ] Event handlers ready — 13 events · logging, antinuke, automod, welcome, farewell, snipe
[2026-08-11 22:58:47] [LOAD] Database connection
[2026-08-11 22:58:53] [OK  ] Database initialized and all tables synced
[2026-08-11 22:58:53] [LOAD] Discord authentication
[2026-08-11 22:58:55] [OK  ] Authentication successful → [38;2;170;115;210mSamaksh Music#4601[0m
[2026-08-11 22:58:55] [LOAD] Synchronizing slash commands
[2026-08-11 22:58:55] [INFO] Slash commands unchanged — skipping registration
[2026-08-11 22:58:55] [OK  ] Command synchronization complete (60 commands)
[2026-08-11 22:58:55] [INFO] Connected to 2 guilds
[2026-08-11 22:58:55] [ERR ] Uncaught exception: listen EADDRINUSE: address already in use :::3000
[2026-08-11 22:59:34] [LOAD] Command modules
[2026-08-11 22:59:35] [OK  ] Command modules loaded (28 commands)
[2026-08-11 22:59:35] [LOAD] Prefix command modules
[2026-08-11 22:59:35] [OK  ] Prefix command modules loaded (182 commands)
[2026-08-11 22:59:35] [LOAD] Hybrid command modules
[2026-08-11 22:59:35] [OK  ] Hybrid command modules loaded (32 commands)
[2026-08-11 22:59:35] [LOAD] Event handlers
[2026-08-11 22:59:35] [OK  ] Event handlers ready — 13 events · logging, antinuke, automod, welcome, farewell, snipe
[2026-08-11 22:59:35] [LOAD] Database connection
[2026-08-11 22:59:41] [OK  ] Database initialized and all tables synced
[2026-08-11 22:59:41] [LOAD] Discord authentication
[2026-08-11 22:59:43] [OK  ] Authentication successful → [38;2;170;115;210mSamaksh Music#4601[0m
[2026-08-11 22:59:43] [LOAD] Synchronizing slash commands
[2026-08-11 22:59:43] [INFO] Slash commands unchanged — skipping registration
[2026-08-11 22:59:43] [OK  ] Command synchronization complete (60 commands)
[2026-08-11 22:59:43] [INFO] Connected to 2 guilds
[2026-08-11 22:59:43] [OK  ] Dashboard server listening at http://localhost:3000
[2026-08-11 23:09:05] [LOAD] Command modules
[2026-08-11 23:09:06] [OK  ] Command modules loaded (28 commands)
[2026-08-11 23:09:06] [LOAD] Prefix command modules
[2026-08-11 23:09:06] [OK  ] Prefix command modules loaded (182 commands)
[2026-08-11 23:09:06] [LOAD] Hybrid command modules
[2026-08-11 23:09:06] [OK  ] Hybrid command modules loaded (32 commands)
[2026-08-11 23:09:06] [LOAD] Event handlers
[2026-08-11 23:09:06] [OK  ] Event handlers ready — 13 events · logging, antinuke, automod, welcome, farewell, snipe
[2026-08-11 23:09:06] [LOAD] Database connection
[2026-08-11 23:09:13] [OK  ] Database initialized and all tables synced
[2026-08-11 23:09:13] [LOAD] Discord authentication
[2026-08-11 23:09:18] [OK  ] Authentication successful → [38;2;170;115;210mSamaksh Music#4601[0m
[2026-08-11 23:09:18] [LOAD] Synchronizing slash commands
[2026-08-11 23:09:18] [INFO] Slash commands unchanged — skipping registration
[2026-08-11 23:09:18] [OK  ] Command synchronization complete (60 commands)
[2026-08-11 23:09:18] [INFO] Connected to 2 guilds
[2026-08-11 23:09:18] [OK  ] Dashboard server listening at http://localhost:3000
[2026-08-11 23:15:12] [LOAD] Command modules
[2026-08-11 23:15:13] [OK  ] Command modules loaded (28 commands)
[2026-08-11 23:15:13] [LOAD] Prefix command modules
[2026-08-11 23:15:13] [OK  ] Prefix command modules loaded (182 commands)
[2026-08-11 23:15:13] [LOAD] Hybrid command modules
[2026-08-11 23:15:13] [OK  ] Hybrid command modules loaded (32 commands)
[2026-08-11 23:15:13] [LOAD] Event handlers
[2026-08-11 23:15:13] [OK  ] Event handlers ready — 13 events · logging, antinuke, automod, welcome, farewell, snipe
[2026-08-11 23:15:13] [LOAD] Database connection
[2026-08-11 23:15:19] [OK  ] Database initialized and all tables synced
[2026-08-11 23:15:19] [LOAD] Discord authentication
[2026-08-11 23:15:23] [OK  ] Authentication successful → [38;2;170;115;210mSamaksh Music#4601[0m
[2026-08-11 23:15:23] [LOAD] Synchronizing slash commands
[2026-08-11 23:15:23] [INFO] Slash commands unchanged — skipping registration
[2026-08-11 23:15:23] [OK  ] Command synchronization complete (60 commands)
[2026-08-11 23:15:23] [INFO] Connected to 2 guilds
